C51 COMPILER V9.01   TRAFFIC_LIGHTS                                                        08/01/2023 09:22:58 PAGE 1   


C51 COMPILER V9.01, COMPILATION OF MODULE TRAFFIC_LIGHTS
OBJECT MODULE PLACED IN Traffic_Lights.OBJ
COMPILER INVOKED BY: C:\Keil\C51\BIN\C51.EXE Traffic_Lights.c BROWSE DEBUG OBJECTEXTEND

line level    source

   1          #include <reg51.H>
   2          #include "7Seg4Dig_Anode.h"
   3          
   4          
   5          
   6          sbit red1        = P0^0;                        
   7          sbit yellow1 = P0^1;
   8          sbit green1  = P0^2;
   9          sbit red2        = P0^3;
  10          sbit yellow2 = P0^4;
  11          sbit green2  = P0^5;
  12          
  13          unsigned char timer1, timer2, 
  14                                    timerGreen = 15, timerYellow = 5, timerRed = 20;  
  15                             
  16                                  
  17          
  18          void displayCount()                     
  19          {
  20   1              unsigned char dozens1, units1, dozens2, units2, i;
  21   1      
  22   1              dozens1 = timer1 / 10;  
  23   1              units1  = timer1 % 10;                           
  24   1              dozens2 = timer2 / 10;
  25   1              units2  = timer2 % 10;
  26   1      
  27   1              for (i = 0; i <= 100; i++) 
  28   1              {
  29   2                      Led7Seg_scan = led7seg_dig4;
  30   2                      Led7Seg_data = dig[units1];             
  31   2                      delayScan(200);
  32   2      
  33   2                      Led7Seg_scan = led7seg_dig3;
  34   2                      Led7Seg_data = dig[dozens1];    
  35   2                      delayScan(200);
  36   2      
  37   2                      Led7Seg_scan = led7seg_dig2;
  38   2                      Led7Seg_data = dig[units2];             
  39   2                      delayScan(200);
  40   2      
  41   2                      Led7Seg_scan = led7seg_dig1;
  42   2                      Led7Seg_data = dig[dozens2];            
  43   2                      delayScan(200);
  44   2              } 
  45   1      
  46   1              timer1--;                               
  47   1              timer2--;
  48   1      }
  49          
  50          
  51          
  52          void main()
  53          {
  54   1              red1 = yellow1 = green1 = red2 = yellow2 = green2 = 0;
  55   1      
C51 COMPILER V9.01   TRAFFIC_LIGHTS                                                        08/01/2023 09:22:58 PAGE 2   

  56   1              while (1) 
  57   1              {
  58   2                      timer1 = timerGreen;            // 2 green light, 2 red light
  59   2                      green1 = 1;
  60   2                      timer2 = timerRed;              
  61   2                      red2 = 1;
  62   2                      do {
  63   3                              displayCount();                 
  64   3                      } while (timer1 != 0);
  65   2                      green1 = 0;             
  66   2                                                              
  67   2                      timer1 = timerYellow;           // 2 yellow light, 2 red light
  68   2                      yellow1 = 1;
  69   2                      do {                                                    
  70   3                              displayCount();
  71   3                      } while (timer1 != 0);
  72   2                      yellow1 = 0;                            
  73   2                      red2 = 0;               
  74   2                      
  75   2                      timer1 = timerRed;                      // 2 red light, 2 green light
  76   2                      red1 = 1;                               
  77   2                      timer2 = timerGreen;            
  78   2                      green2 = 1;
  79   2                      do {
  80   3                              displayCount();
  81   3                      } while (timer2 != 0);          
  82   2                      green2 = 0;
  83   2      
  84   2                      timer2 = timerYellow;           // 2 red light, 2 yellow light
  85   2                      yellow2 = 1;
  86   2                      do {
  87   3                              displayCount();
  88   3                      } while (timer2 != 0);  
  89   2                      red1 = 0;
  90   2                      yellow2 = 0;
  91   2              }
  92   1      }


MODULE INFORMATION:   STATIC OVERLAYABLE
   CODE SIZE        =    201    ----
   CONSTANT SIZE    =   ----    ----
   XDATA SIZE       =   ----    ----
   PDATA SIZE       =   ----    ----
   DATA SIZE        =     21       2
   IDATA SIZE       =   ----    ----
   BIT SIZE         =   ----    ----
END OF MODULE INFORMATION.


C51 COMPILATION COMPLETE.  0 WARNING(S),  0 ERROR(S)
