C51 COMPILER V9.01   MAIN                                                                  08/03/2023 21:37:34 PAGE 1   


C51 COMPILER V9.01, COMPILATION OF MODULE MAIN
OBJECT MODULE PLACED IN main.OBJ
COMPILER INVOKED BY: C:\Keil\C51\BIN\C51.EXE main.c BROWSE DEBUG OBJECTEXTEND

line level    source

   1          #include <reg51.h>
   2          #include "7Seg4Dig_Anode.h"
   3          
   4          
   5          
   6          #define uchar unsigned char
   7          
   8          sbit countCLK = P1^0;
   9          sbit countFlag = P1^1;
  10          
  11          int count = 0;
  12          
  13          
  14          
  15          void configInt()
  16          {
  17   1              IE = 0x84;                              // enable global and external 1 interrupt       
  18   1              IT1 = 1;                                // interrupt by edge
  19   1      }
  20          
  21          
  22          
  23          void ISR_Ext1() interrupt 2
  24          {               
  25   1              EA = 0;                                 // clear interrupt
  26   1      
  27   1              countFlag = ~countFlag;
  28   1      
  29   1              if (countFlag == 1)             // init for count down 
  30   1                      count = 9999;
  31   1              else                                    // init for count up
  32   1                      count = 0;                      
  33   1      
  34   1              EA = 1;
  35   1      }
  36          
  37          
  38          
  39          void delay_hardware_6ms()
  40          {       
  41   1              TMOD = 0x01;                    // 16-bit timer0
  42   1              ET0 = 0;                                // no interrupt
  43   1              TH0 = 0xE8;                             // 0xE890 ~ 59536 ---> 65535-59536+1 = 6000us = 6ms             
  44   1              TL0 = 0x90;                                     
  45   1              TF0 = 0;                                // clear overflow countFlag of timer0   
  46   1              TR0 = 1;                                // start timer0
  47   1              while (TF0 == 0);               // wait until overflow
  48   1              TR0 = 0;                                // stop timer0  
  49   1      }
  50          
  51          
  52          
  53          void display_number(int iNum)
  54          {       
  55   1              uchar pos = led7seg_dig4, temp, i;
C51 COMPILER V9.01   MAIN                                                                  08/03/2023 21:37:34 PAGE 2   

  56   1              
  57   1              for (i = 0; i < led7seg_numOfDigs; i++)  
  58   1              {
  59   2                      temp = iNum % 10;
  60   2                      iNum = iNum / 10; 
  61   2      
  62   2                      Led7Seg_scan = pos; 
  63   2                      Led7Seg_data = dig[temp];       
  64   2      
  65   2                      delay_hardware_6ms();                                    
  66   2                      pos <<= 1;      
  67   2              }       
  68   1      }
  69          
  70          
  71          
  72          void main() 
  73          {                
  74   1              int i;
  75   1              countFlag = 0;
  76   1      
  77   1              configInt();
  78   1              
  79   1              while (1) 
  80   1              {
  81   2                      for (i = 0; i < 20; i++)
  82   2                              display_number(count);
  83   2      
  84   2                      countCLK = ~countCLK;   // 6ms * 4 * 20 = 0.5s ---> period 1s ---> frequency 1Hz                                
  85   2      
  86   2                      if (countFlag == 1)                                     // count down                                           
  87   2                              count--; 
  88   2                      else                                                            // count up
  89   2                              count++;
  90   2              } 
  91   1      }


MODULE INFORMATION:   STATIC OVERLAYABLE
   CODE SIZE        =    182    ----
   CONSTANT SIZE    =   ----    ----
   XDATA SIZE       =   ----    ----
   PDATA SIZE       =   ----    ----
   DATA SIZE        =     18       3
   IDATA SIZE       =   ----    ----
   BIT SIZE         =   ----    ----
END OF MODULE INFORMATION.


C51 COMPILATION COMPLETE.  0 WARNING(S),  0 ERROR(S)
