C51 COMPILER V9.01   MAIN                                                                  07/12/2023 19:25:20 PAGE 1   


C51 COMPILER V9.01, COMPILATION OF MODULE MAIN
OBJECT MODULE PLACED IN main.OBJ
COMPILER INVOKED BY: C:\Keil\C51\BIN\C51.EXE main.c BROWSE DEBUG OBJECTEXTEND

line level    source

   1          #include <reg51.H>
   2          #include "LCD_16x2_4bit.h"
   3          #include "ADC0808.h"
   4          
   5          
   6          
   7          void configTimer()
   8          {
   9   1              TMOD = 0x02;                                                    // timer0 auto reload 8-bit
  10   1              TH0 = TL0 = 236;                                                // 20us -> overflow
  11   1              TR0 = 1;                                                                // start operation of timer0
  12   1      }
  13          
  14          
  15          
  16          void configInt()
  17          {
  18   1              EA = 1;                                                                 // enable global interrupt
  19   1              ET0 = 1;                                                                // enable timer0 interrupt      
  20   1      }
  21          
  22          
  23          
  24          void ISR_Timer0() interrupt 1 {
  25   1              ADC0808_CLK = ~ADC0808_CLK;                             // create clk for ADC0808 
  26   1      }
  27          
  28          
  29          
  30          void displayTemp(uchar temp, uchar channel) {
  31   1              lcd_sendStr("T = ");
  32   1              lcd_sendData(temp / 100 + '0');                 // hundreds
  33   1              lcd_sendData(temp % 100 / 10 + '0');    // dozens
  34   1              lcd_sendData(temp % 10 + '0');                  // units
  35   1              lcd_sendData(223);                                              // degrees
  36   1              lcd_sendData('C');
  37   1      }
*** WARNING C280 IN LINE 30 OF MAIN.C: 'channel': unreferenced local variable
  38          
  39          
  40          
  41          void main() {
  42   1              uchar temp;
  43   1      
  44   1              configTimer();
  45   1              configInt();
  46   1      
  47   1              lcd_init();                                                     
  48   1              delay_ms(200);
  49   1              lcd_sendStr("MEASURING ...");
  50   1              delay_ms(1000);
  51   1              lcd_clear();
  52   1                      
  53   1              while(1)
  54   1              {
C51 COMPILER V9.01   MAIN                                                                  07/12/2023 19:25:20 PAGE 2   

  55   2                      lcd_movCur(1, 3);
  56   2                      temp = ADC0808_Read(0);                         // channel 0 
  57   2                      displayTemp(temp);
*** WARNING C209 IN LINE 57 OF MAIN.C: '_displayTemp': too few actual parameters
  58   2                      delay_ms(500);
  59   2              }
  60   1      }


MODULE INFORMATION:   STATIC OVERLAYABLE
   CODE SIZE        =    586    ----
   CONSTANT SIZE    =     19    ----
   XDATA SIZE       =   ----    ----
   PDATA SIZE       =   ----    ----
   DATA SIZE        =   ----      32
   IDATA SIZE       =   ----    ----
   BIT SIZE         =   ----    ----
END OF MODULE INFORMATION.


C51 COMPILATION COMPLETE.  2 WARNING(S),  0 ERROR(S)
