C51 COMPILER V9.01   PROB2                                                                 07/17/2023 12:52:17 PAGE 1   


C51 COMPILER V9.01, COMPILATION OF MODULE PROB2
OBJECT MODULE PLACED IN prob2.OBJ
COMPILER INVOKED BY: C:\Keil\C51\BIN\C51.EXE prob2.c BROWSE DEBUG OBJECTEXTEND

line level    source

   1          #include <reg51.h>
   2          #include "ADC0808.h"
   3          #include "7Seg4Dig_Anode.h"
   4          
   5          
   6          
   7          void main()
   8          {
   9   1              uchar channel, temp, hundreds, dozens, units, i;
  10   1              
  11   1              for (channel = 0; channel < 8; channel++)       // 8 LM35 sensors
  12   1              { 
  13   2                      for (i = 0; i < 30; i++)                                // scan led 7-seg
  14   2                      {               
  15   3                              Led7Seg_scan = led7seg_dig1;            // channel
  16   3                              Led7Seg_data = dig[channel+1];
  17   3                              on_DP;
  18   3                              delay_scanDig(500);
  19   3      
  20   3                              temp = ADC0808_read(channel);           // read temperature from channel
  21   3      
  22   3                              hundreds = temp / 100;                          // handle value
  23   3                              dozens = temp / 10 % 10;
  24   3                              units = temp % 10;
  25   3      
  26   3                              Led7Seg_scan = led7seg_dig2;            // display hundreds number
  27   3                              Led7Seg_data = dig[hundreds];
  28   3                              off_DP;
  29   3                              delay_scanDig(500);
  30   3      
  31   3                              Led7Seg_scan = led7seg_dig3;            // display dozens number
  32   3                              Led7Seg_data = dig[dozens];
  33   3                              off_DP;
  34   3                              delay_scanDig(500);
  35   3      
  36   3                              Led7Seg_scan = led7seg_dig4;            // display units number
  37   3                              Led7Seg_data = dig[units];
  38   3                              off_DP;
  39   3                              delay_scanDig(500);     
  40   3                      }
  41   2              }
  42   1      }


MODULE INFORMATION:   STATIC OVERLAYABLE
   CODE SIZE        =    165    ----
   CONSTANT SIZE    =   ----    ----
   XDATA SIZE       =   ----    ----
   PDATA SIZE       =   ----    ----
   DATA SIZE        =     10       3
   IDATA SIZE       =   ----    ----
   BIT SIZE         =   ----    ----
END OF MODULE INFORMATION.


C51 COMPILATION COMPLETE.  0 WARNING(S),  0 ERROR(S)
