BL51 BANKED LINKER/LOCATER V6.22                                                        07/12/2023  19:22:37  PAGE 1


BL51 BANKED LINKER/LOCATER V6.22, INVOKED BY:
C:\KEIL\C51\BIN\BL51.EXE .\Objects\test.obj TO .\Objects\test PRINT (.\Listings\test.m51)


MEMORY MODEL: SMALL WITH FLOATING POINT ARITHMETIC


INPUT MODULES INCLUDED:
  .\Objects\test.obj (TEST)
  C:\KEIL\C51\LIB\C51FPS.LIB (?C?FPADD)
  C:\KEIL\C51\LIB\C51FPS.LIB (?C?FPMUL)
  C:\KEIL\C51\LIB\C51FPS.LIB (?C?FCAST)
  C:\KEIL\C51\LIB\C51FPS.LIB (?C?CASTF)
  C:\KEIL\C51\LIB\C51FPS.LIB (POW)
  C:\KEIL\C51\LIB\C51FPS.LIB (?C?FPGETOPN)
  C:\KEIL\C51\LIB\C51FPS.LIB (?C?CHKFLOAT)
  C:\KEIL\C51\LIB\C51FPS.LIB (?C?FPCMP)
  C:\KEIL\C51\LIB\C51FPS.LIB (?C?FPNEG)
  C:\KEIL\C51\LIB\C51FPS.LIB (EXP)
  C:\KEIL\C51\LIB\C51FPS.LIB (LOG)
  C:\KEIL\C51\LIB\C51FPS.LIB (?C?FPDIV)
  C:\KEIL\C51\LIB\C51FPS.LIB (?C?FPSERIES)
  C:\KEIL\C51\LIB\C51S.LIB (?C_STARTUP)
  C:\KEIL\C51\LIB\C51S.LIB (?C?COPY)
  C:\KEIL\C51\LIB\C51S.LIB (?C?CLDPTR)
  C:\KEIL\C51\LIB\C51S.LIB (?C?UIDIV)
  C:\KEIL\C51\LIB\C51S.LIB (?C?LNEG)
  C:\KEIL\C51\LIB\C51S.LIB (?C?LLDCODE)
  C:\KEIL\C51\LIB\C51S.LIB (?C?LLDCODE0)
  C:\KEIL\C51\LIB\C51S.LIB (?C_INIT)


LINK MAP OF MODULE:  .\Objects\test (TEST)


            TYPE    BASE      LENGTH    RELOCATION   SEGMENT NAME
            -----------------------------------------------------

            * * * * * * *   D A T A   M E M O R Y   * * * * * * *
            REG     0000H     0008H     ABSOLUTE     "REG BANK 0"
            DATA    0008H     0015H     UNIT         _DATA_GROUP_
                    001DH     0003H                  *** GAP ***
            BIT     0020H.0   0000H.1   UNIT         ?BI?LOG?LOG
                    0020H.1   0000H.7                *** GAP ***
            DATA    0021H     0011H     UNIT         ?DT?_LCD_SENDINT?TEST
            DATA    0032H     000CH     UNIT         ?DT?TEST
            DATA    003EH     000AH     UNIT         ?DT?_POW?POW
            DATA    0048H     0008H     UNIT         ?DT?_LCD_SENDFLOAT?TEST
            DATA    0050H     0004H     UNIT         ?DT?LOG?LOG
            IDATA   0054H     0001H     UNIT         ?STACK

            * * * * * * *   C O D E   M E M O R Y   * * * * * * *
            CODE    0000H     0003H     ABSOLUTE     
            CODE    0003H     05D4H     UNIT         ?C?LIB_CODE
            CODE    05D7H     0135H     UNIT         ?PR?LOG?LOG
            CODE    070CH     0117H     UNIT         ?PR?_POW?POW
            CODE    0823H     009FH     UNIT         ?PR?MAIN?TEST
            CODE    08C2H     009AH     UNIT         ?PR?EXP?EXP
BL51 BANKED LINKER/LOCATER V6.22                                                      07/12/2023  19:22:37  PAGE 2


            CODE    095CH     008CH     UNIT         ?C_C51STARTUP
            CODE    09E8H     0072H     UNIT         ?PR?_LCD_SENDFLOAT?TEST
            CODE    0A5AH     0046H     UNIT         ?PR?_LCD_SENDINT?TEST
            CODE    0AA0H     0030H     UNIT         ?PR?KEYPAD_SCANROW?TEST
            CODE    0AD0H     002BH     UNIT         ?PR?KEYPAD_SCANCOLUMN?TEST
            CODE    0AFBH     0029H     UNIT         ?PR?_LCD_SEND4BIT?TEST
            CODE    0B24H     0025H     UNIT         ?PR?_LCD_SENDSTR?TEST
            CODE    0B49H     0021H     UNIT         ?CO?TEST
            CODE    0B6AH     0020H     UNIT         ?PR?_DELAY_MS?TEST
            CODE    0B8AH     0020H     UNIT         ?PR?LCD_INIT?TEST
            CODE    0BAAH     001BH     UNIT         ?PR?_LCD_MOVCUR?TEST
            CODE    0BC5H     000FH     UNIT         ?C_INITSEG
            CODE    0BD4H     000EH     UNIT         ?PR?LCD_ENABLE?TEST
            CODE    0BE2H     000CH     UNIT         ?PR?_LCD_SENDDATA?TEST
            CODE    0BEEH     000CH     UNIT         ?PR?_LCD_SENDCMD?TEST
            CODE    0BFAH     0005H     UNIT         ?PR?LCD_CLEAR?TEST
            CODE    0BFFH     0005H     UNIT         ?PR?LCD_ONSCREEN?TEST
            CODE    0C04H     0005H     UNIT         ?PR?LCD_OFFSCREEN?TEST
            CODE    0C09H     0005H     UNIT         ?PR?LCD_BLINKCUR?TEST
            CODE    0C0EH     0005H     UNIT         ?PR?LCD_OFF_BLINKCUR?TEST



OVERLAY MAP OF MODULE:   .\Objects\test (TEST)


SEGMENT                              DATA_GROUP 
  +--> CALLED SEGMENT              START    LENGTH
--------------------------------------------------
?C_C51STARTUP                      -----    -----
  +--> ?PR?MAIN?TEST
  +--> ?C_INITSEG

?PR?MAIN?TEST                      0008H    0012H
  +--> ?CO?TEST
  +--> ?PR?LCD_INIT?TEST
  +--> ?PR?_LCD_SENDSTR?TEST
  +--> ?PR?LCD_BLINKCUR?TEST
  +--> ?PR?KEYPAD_SCANCOLUMN?TEST
  +--> ?PR?KEYPAD_SCANROW?TEST
  +--> ?PR?_LCD_MOVCUR?TEST
  +--> ?PR?_DELAY_MS?TEST

?PR?LCD_INIT?TEST                  -----    -----
  +--> ?PR?_DELAY_MS?TEST
  +--> ?PR?_LCD_SENDCMD?TEST
  +--> ?PR?LCD_ONSCREEN?TEST
  +--> ?PR?LCD_CLEAR?TEST

?PR?_LCD_SENDCMD?TEST              -----    -----
  +--> ?PR?_LCD_SEND4BIT?TEST
  +--> ?PR?LCD_ENABLE?TEST

?PR?_LCD_SEND4BIT?TEST             -----    -----
  +--> ?PR?LCD_ENABLE?TEST

?PR?LCD_ENABLE?TEST                -----    -----
BL51 BANKED LINKER/LOCATER V6.22                                                      07/12/2023  19:22:37  PAGE 3


  +--> ?PR?_DELAY_MS?TEST

?PR?LCD_ONSCREEN?TEST              -----    -----
  +--> ?PR?_LCD_SENDCMD?TEST

?PR?LCD_CLEAR?TEST                 -----    -----
  +--> ?PR?_LCD_SENDCMD?TEST

?PR?_LCD_SENDSTR?TEST              001AH    0003H
  +--> ?PR?_LCD_SENDDATA?TEST

?PR?_LCD_SENDDATA?TEST             -----    -----
  +--> ?PR?_LCD_SEND4BIT?TEST
  +--> ?PR?LCD_ENABLE?TEST

?PR?LCD_BLINKCUR?TEST              -----    -----
  +--> ?PR?_LCD_SENDCMD?TEST

?PR?_LCD_MOVCUR?TEST               001AH    0001H
  +--> ?PR?_LCD_SENDCMD?TEST



SYMBOL TABLE OF MODULE:  .\Objects\test (TEST)

  VALUE           TYPE          NAME
  ----------------------------------

  -------         MODULE        TEST
  C:0000H         SYMBOL        _ICE_DUMMY_
  C:0BD4H         PUBLIC        lcd_enable
  D:0090H         PUBLIC        P1
  D:00A0H         PUBLIC        P2
  B:0090H.3       PUBLIC        KEYPAD_C1
  C:0BAAH         PUBLIC        _lcd_movCur
  B:0090H.2       PUBLIC        KEYPAD_C2
  B:0090H.1       PUBLIC        KEYPAD_C3
  C:0B08H         PUBLIC        _lcd_send4Bit
  C:0BFAH         PUBLIC        lcd_clear
  B:0090H.7       PUBLIC        KEYPAD_R1
  B:0090H.6       PUBLIC        KEYPAD_R2
  B:0090H.5       PUBLIC        KEYPAD_R3
  C:0823H         PUBLIC        main
  B:0090H.4       PUBLIC        KEYPAD_R4
  B:00A0H.4       PUBLIC        LCD_D4
  B:00A0H.5       PUBLIC        LCD_D5
  B:00A0H.6       PUBLIC        LCD_D6
  B:00A0H.7       PUBLIC        LCD_D7
  C:0C04H         PUBLIC        lcd_offScreen
  C:09E8H         PUBLIC        _lcd_sendFloat
  D:0032H         PUBLIC        keys
  C:0BE2H         PUBLIC        _lcd_sendData
  C:0B5AH         SYMBOL        _?ix1000
  C:0AA0H         PUBLIC        keypad_scanRow
  B:00A0H.2       PUBLIC        LCD_EN
  C:0B8AH         PUBLIC        lcd_init
  C:0B6AH         PUBLIC        _delay_ms
BL51 BANKED LINKER/LOCATER V6.22                                                      07/12/2023  19:22:37  PAGE 4


  C:0C09H         PUBLIC        lcd_blinkCur
  C:0BFFH         PUBLIC        lcd_onScreen
  C:0BEEH         PUBLIC        _lcd_sendCmd
  B:00A0H.0       PUBLIC        LCD_RS
  B:00A0H.1       PUBLIC        LCD_RW
  C:0A5AH         PUBLIC        _lcd_sendInt
  C:0C0EH         PUBLIC        lcd_off_blinkCur
  C:0AD0H         PUBLIC        keypad_scanColumn
  C:0B24H         PUBLIC        _lcd_sendStr
  -------         PROC          _DELAY_MS
  D:0006H         SYMBOL        ms
  -------         DO            
  D:0004H         SYMBOL        i
  D:0002H         SYMBOL        j
  -------         ENDDO         
  C:0B6AH         LINE#         76
  C:0B6AH         LINE#         77
  C:0B6AH         LINE#         79
  C:0B74H         LINE#         80
  C:0B89H         LINE#         81
  -------         ENDPROC       _DELAY_MS
  -------         PROC          LCD_ENABLE
  C:0BD4H         LINE#         85
  C:0BD4H         LINE#         86
  C:0BD4H         LINE#         87
  C:0BD6H         LINE#         88
  C:0BDDH         LINE#         89
  C:0BDFH         LINE#         90
  -------         ENDPROC       LCD_ENABLE
  -------         PROC          L?0063
  -------         ENDPROC       L?0063
  -------         PROC          _LCD_SEND4BIT
  D:0007H         SYMBOL        bits
  C:0B08H         LINE#         95
  C:0B08H         LINE#         96
  C:0B08H         LINE#         97
  C:0B0CH         LINE#         98
  C:0B12H         LINE#         99
  C:0B1AH         LINE#         100
  C:0B23H         LINE#         101
  -------         ENDPROC       _LCD_SEND4BIT
  -------         PROC          _LCD_SENDDATA
  D:0001H         SYMBOL        Data
  C:0BE2H         LINE#         105
  C:0BE4H         LINE#         106
  C:0BE4H         LINE#         107
  C:0BE6H         LINE#         108
  C:0BE8H         LINE#         109
  C:0BE8H         LINE#         110
  C:0BE8H         LINE#         111
  C:0BEBH         LINE#         112
  -------         ENDPROC       _LCD_SENDDATA
  -------         PROC          _LCD_SENDCMD
  D:0001H         SYMBOL        cmd
  C:0BEEH         LINE#         117
  C:0BF0H         LINE#         118
  C:0BF0H         LINE#         119
BL51 BANKED LINKER/LOCATER V6.22                                                      07/12/2023  19:22:37  PAGE 5


  C:0BF2H         LINE#         120
  C:0BF4H         LINE#         121
  C:0BF4H         LINE#         122
  C:0BF4H         LINE#         123
  C:0BF7H         LINE#         124
  -------         ENDPROC       _LCD_SENDCMD
  -------         PROC          LCD_CLEAR
  C:0BFAH         LINE#         129
  C:0BFAH         LINE#         130
  C:0BFAH         LINE#         131
  -------         ENDPROC       LCD_CLEAR
  -------         PROC          LCD_ONSCREEN
  C:0BFFH         LINE#         136
  C:0BFFH         LINE#         137
  C:0BFFH         LINE#         138
  -------         ENDPROC       LCD_ONSCREEN
  -------         PROC          LCD_OFFSCREEN
  C:0C04H         LINE#         143
  C:0C04H         LINE#         144
  C:0C04H         LINE#         145
  -------         ENDPROC       LCD_OFFSCREEN
  -------         PROC          LCD_INIT
  C:0B8AH         LINE#         150
  C:0B8AH         LINE#         151
  C:0B8AH         LINE#         152
  C:0B8CH         LINE#         153
  C:0B8EH         LINE#         154
  C:0B95H         LINE#         155
  C:0B9AH         LINE#         156
  C:0B9FH         LINE#         157
  C:0BA2H         LINE#         158
  C:0BA7H         LINE#         159
  -------         ENDPROC       LCD_INIT
  -------         PROC          _LCD_MOVCUR
  D:0007H         SYMBOL        row
  D:001AH         SYMBOL        column
  C:0BAAH         LINE#         164
  C:0BACH         LINE#         165
  C:0BACH         LINE#         166
  C:0BB4H         LINE#         167
  C:0BB4H         LINE#         168
  C:0BB4H         LINE#         169
  C:0BB9H         LINE#         170
  C:0BBBH         LINE#         171
  C:0BBBH         LINE#         172
  C:0BC4H         LINE#         173
  C:0BC4H         LINE#         174
  C:0BC4H         LINE#         175
  C:0BC4H         LINE#         176
  C:0BC4H         LINE#         177
  -------         ENDPROC       _LCD_MOVCUR
  -------         PROC          LCD_BLINKCUR
  C:0C09H         LINE#         181
  C:0C09H         LINE#         182
  C:0C09H         LINE#         183
  -------         ENDPROC       LCD_BLINKCUR
  -------         PROC          LCD_OFF_BLINKCUR
BL51 BANKED LINKER/LOCATER V6.22                                                      07/12/2023  19:22:37  PAGE 6


  C:0C0EH         LINE#         188
  C:0C0EH         LINE#         189
  C:0C0EH         LINE#         190
  -------         ENDPROC       LCD_OFF_BLINKCUR
  -------         PROC          _LCD_SENDSTR
  D:001AH         SYMBOL        string
  C:0B24H         LINE#         195
  C:0B2AH         LINE#         196
  C:0B2AH         LINE#         197
  C:0B35H         LINE#         198
  C:0B48H         LINE#         199
  -------         ENDPROC       _LCD_SENDSTR
  -------         PROC          _LCD_SENDINT
  D:0002H         SYMBOL        value
  -------         DO            
  D:0021H         SYMBOL        buffer
  D:0031H         SYMBOL        i
  -------         ENDDO         
  C:0A5AH         LINE#         203
  C:0A5EH         LINE#         204
  C:0A5EH         LINE#         205
  C:0A61H         LINE#         207
  C:0A61H         LINE#         208
  C:0A7AH         LINE#         209
  C:0A89H         LINE#         210
  C:0A8DH         LINE#         212
  C:0A91H         LINE#         213
  C:0A9FH         LINE#         214
  -------         ENDPROC       _LCD_SENDINT
  -------         PROC          _LCD_SENDFLOAT
  D:0048H         SYMBOL        value
  D:004CH         SYMBOL        precision
  -------         DO            
  D:004EH         SYMBOL        integer
  D:0082H         SYMBOL        fractional
  -------         ENDDO         
  C:09E8H         LINE#         218
  C:09F0H         LINE#         219
  C:09F0H         LINE#         222
  C:09F7H         LINE#         223
  C:0A47H         LINE#         225
  C:0A4EH         LINE#         226
  C:0A53H         LINE#         227
  -------         ENDPROC       _LCD_SENDFLOAT
  -------         PROC          KEYPAD_SCANCOLUMN
  -------         DO            
  D:0006H         SYMBOL        col
  -------         ENDDO         
  C:0AD0H         LINE#         40
  C:0AD0H         LINE#         41
  C:0AD0H         LINE#         42
  C:0AD4H         LINE#         44
  C:0ADCH         LINE#         45
  C:0AE2H         LINE#         47
  C:0AE5H         LINE#         48
  C:0AEAH         LINE#         49
  C:0AEDH         LINE#         50
BL51 BANKED LINKER/LOCATER V6.22                                                      07/12/2023  19:22:37  PAGE 7


  C:0AF3H         LINE#         51
  C:0AF6H         LINE#         52
  C:0AFAH         LINE#         54
  C:0AFAH         LINE#         55
  -------         ENDPROC       KEYPAD_SCANCOLUMN
  -------         PROC          KEYPAD_SCANROW
  -------         DO            
  D:0006H         SYMBOL        row
  -------         ENDDO         
  C:0AA0H         LINE#         59
  C:0AA0H         LINE#         60
  C:0AA0H         LINE#         63
  C:0AA8H         LINE#         64
  C:0AAEH         LINE#         66
  C:0AB1H         LINE#         67
  C:0AB6H         LINE#         68
  C:0AB9H         LINE#         69
  C:0ABFH         LINE#         70
  C:0AC2H         LINE#         71
  C:0AC8H         LINE#         72
  C:0ACBH         LINE#         73
  C:0ACFH         LINE#         75
  C:0ACFH         LINE#         76
  -------         ENDPROC       KEYPAD_SCANROW
  -------         PROC          MAIN
  -------         DO            
  D:0008H         SYMBOL        numOfChars
  D:0004H         SYMBOL        col
  D:0006H         SYMBOL        row
  D:0006H         SYMBOL        i
  D:000AH         SYMBOL        buffer
  -------         ENDDO         
  C:0823H         LINE#         7
  C:0823H         LINE#         8
  C:0823H         LINE#         9
  C:0828H         LINE#         10
  C:0839H         LINE#         12
  C:083CH         LINE#         13
  C:0845H         LINE#         14
  C:0848H         LINE#         16
  C:0848H         LINE#         17
  C:0848H         LINE#         18
  C:084FH         LINE#         20
  C:0857H         LINE#         21
  C:0857H         LINE#         22
  C:085FH         LINE#         23
  C:0862H         LINE#         24
  C:0865H         LINE#         25
  C:087CH         LINE#         26
  C:0884H         LINE#         27
  C:0884H         LINE#         29
  C:0887H         LINE#         30
  C:08A0H         LINE#         32
  C:08A7H         LINE#         33
  C:08B0H         LINE#         34
  C:08B0H         LINE#         36
  C:08B9H         LINE#         38
BL51 BANKED LINKER/LOCATER V6.22                                                      07/12/2023  19:22:37  PAGE 8


  C:08C0H         LINE#         39
  -------         ENDPROC       MAIN
  -------         ENDMOD        TEST

  -------         MODULE        ?C?FPADD
  C:000AH         PUBLIC        ?C?FPADD
  C:0006H         PUBLIC        ?C?FPSUB
  -------         ENDMOD        ?C?FPADD

  -------         MODULE        ?C?FPMUL
  C:00FBH         PUBLIC        ?C?FPMUL
  -------         ENDMOD        ?C?FPMUL

  -------         MODULE        ?C?FCAST
  C:020BH         PUBLIC        ?C?FCASTC
  C:0206H         PUBLIC        ?C?FCASTI
  C:0201H         PUBLIC        ?C?FCASTL
  -------         ENDMOD        ?C?FCAST

  -------         MODULE        ?C?CASTF
  C:023FH         PUBLIC        ?C?CASTF
  -------         ENDMOD        ?C?CASTF

  -------         MODULE        POW
  D:003EH         PUBLIC        ?_pow?BYTE
  C:070CH         PUBLIC        _pow
  -------         ENDMOD        POW

  -------         MODULE        ?C?CHKFLOAT
  C:02C0H         PUBLIC        ?C?CHKFLOAT
  -------         ENDMOD        ?C?CHKFLOAT

  -------         MODULE        ?C?FPCMP
  C:02DCH         PUBLIC        ?C?FPCMP
  C:02DAH         PUBLIC        ?C?FPCMP3
  -------         ENDMOD        ?C?FPCMP

  -------         MODULE        ?C?FPNEG
  C:0347H         PUBLIC        ?C?FPNEG
  -------         ENDMOD        ?C?FPNEG

  -------         MODULE        EXP
  C:08FAH         PUBLIC        _EXP
  -------         ENDMOD        EXP

  -------         MODULE        LOG
  C:060BH         PUBLIC        _LOG
  C:0607H         PUBLIC        _LOG10
  -------         ENDMOD        LOG

  -------         MODULE        ?C?FPDIV
  C:035BH         PUBLIC        ?C?FPDIV
  -------         ENDMOD        ?C?FPDIV

  -------         MODULE        ?C?COPY
  C:0515H         PUBLIC        ?C?COPY
  -------         ENDMOD        ?C?COPY
BL51 BANKED LINKER/LOCATER V6.22                                                      07/12/2023  19:22:37  PAGE 9



  -------         MODULE        ?C?CLDPTR
  C:053BH         PUBLIC        ?C?CLDPTR
  -------         ENDMOD        ?C?CLDPTR

  -------         MODULE        ?C?UIDIV
  C:0554H         PUBLIC        ?C?UIDIV
  -------         ENDMOD        ?C?UIDIV

  -------         MODULE        ?C?LNEG
  C:05A9H         PUBLIC        ?C?LNEG
  -------         ENDMOD        ?C?LNEG

  -------         MODULE        ?C?LLDCODE
  C:05B7H         PUBLIC        ?C?LLDCODE
  -------         ENDMOD        ?C?LLDCODE

  -------         MODULE        ?C?LLDCODE0
  C:05C7H         PUBLIC        ?C?LLDCODE0
  -------         ENDMOD        ?C?LLDCODE0

*** WARNING L16: UNCALLED SEGMENT, IGNORED FOR OVERLAY PROCESS
    SEGMENT: ?PR?LCD_OFFSCREEN?TEST

*** WARNING L16: UNCALLED SEGMENT, IGNORED FOR OVERLAY PROCESS
    SEGMENT: ?PR?LCD_OFF_BLINKCUR?TEST

*** WARNING L16: UNCALLED SEGMENT, IGNORED FOR OVERLAY PROCESS
    SEGMENT: ?PR?_LCD_SENDFLOAT?TEST

Program Size: data=81.1 xdata=0 code=3091
LINK/LOCATE RUN COMPLETE.  3 WARNING(S),  0 ERROR(S)
