C51 COMPILER V9.01   GIAO_TIEP_LED_DON                                                     08/03/2023 19:38:29 PAGE 1   


C51 COMPILER V9.01, COMPILATION OF MODULE GIAO_TIEP_LED_DON
OBJECT MODULE PLACED IN giao_tiep_led_don.OBJ
COMPILER INVOKED BY: C:\Keil\C51\BIN\C51.EXE giao_tiep_led_don.c BROWSE DEBUG OBJECTEXTEND

line level    source

   1          #include <REGX51.H>
   2          
   3          
   4          
   5          #define leds P2
   6          
   7          #define uint unsigned int
   8          #define uchar unsigned char
   9          
  10          
  11          
  12          void delay_ms(uint ms) 
  13          {
  14   1              uint i, j;
  15   1              for (i = 0; i < ms; i++)
  16   1                      for (j = 0; j < 123; j++);
  17   1      }
  18          
  19          
  20          
  21          void blink(uchar times)             
  22          {
  23   1              uchar i;
  24   1              for (i = 0; i < times; i++)
  25   1              {
  26   2                      leds = 0xFF;    
  27   2                      delay_ms(500);
  28   2                      leds = 0;               
  29   2                      delay_ms(500);
  30   2              }
  31   1      }
  32          
  33          
  34          
  35          void interleave(uchar times)
  36          {
  37   1              uchar i;                                                  
  38   1              for (i = 0; i < times; i++)
  39   1              {
  40   2                      leds = 0x55; 
  41   2                      delay_ms(500);                          //01010101
  42   2                      leds = 0xAA; 
  43   2                      delay_ms(500);                  //10101010
  44   2              }
  45   1      }
  46          
  47          
  48          
  49          void runR2L(uchar times)                        // right to left
  50          {
  51   1              uchar i, j;
  52   1              for (i = 0; i < times; i++)
  53   1              {
  54   2                      for (j = 0; j < 8; j++) {
  55   3                              leds = (1 << j);
C51 COMPILER V9.01   GIAO_TIEP_LED_DON                                                     08/03/2023 19:38:29 PAGE 2   

  56   3                              delay_ms(500);
  57   3                      }
  58   2              }
  59   1      }
  60          
  61          
  62          
  63          void runL2R(uchar times)                        // left to right                         
  64          {
  65   1              uchar i, j;
  66   1              for (i = 0; i < times; i++)
  67   1              {
  68   2                      for (j = 0; j < 8; j++) {
  69   3                              leds = (0x80 >> j);
  70   3                              delay_ms(500);
  71   3                      }
  72   2              }
  73   1      }
  74          
  75          
  76          
  77          void run2directs(uchar times)
  78          {
  79   1              uchar i, j;
  80   1              for (i = 0; i < times; i++)
  81   1              {
  82   2                      for (j = 0; j < 4; j++) {
  83   3                              leds = (0x80 >> j) | (1 << j);
  84   3                              delay_ms(500);
  85   3                      }
  86   2                      for (j = 1; j < 4; j++) {
  87   3                              leds = (0x08 >> j) | (0x10 << j);
  88   3                              delay_ms(500);
  89   3                      }
  90   2              }
  91   1      }
  92          
  93          
  94          
  95          void main()                                                               
  96          { 
  97   1              while (1)
  98   1              { 
  99   2                      blink(3);
 100   2                      runR2L(1);
 101   2                      runL2R(1);              
 102   2                      interleave(3);
 103   2                      run2directs(1);
 104   2              }
 105   1      }


MODULE INFORMATION:   STATIC OVERLAYABLE
   CODE SIZE        =    273    ----
   CONSTANT SIZE    =   ----    ----
   XDATA SIZE       =   ----    ----
   PDATA SIZE       =   ----    ----
   DATA SIZE        =   ----       8
   IDATA SIZE       =   ----    ----
   BIT SIZE         =   ----    ----
END OF MODULE INFORMATION.


C51 COMPILATION COMPLETE.  0 WARNING(S),  0 ERROR(S)
