C51 COMPILER V9.01   PROB2                                                                 08/03/2023 18:47:42 PAGE 1   


C51 COMPILER V9.01, COMPILATION OF MODULE PROB2
OBJECT MODULE PLACED IN prob2.OBJ
COMPILER INVOKED BY: C:\Keil\C51\BIN\C51.EXE prob2.c BROWSE DEBUG OBJECTEXTEND

line level    source

   1          #include <at89x51.h>
   2          
   3          
   4          
   5          #define SWs P2
   6          #define LEDs P1
   7          
   8          
   9          
  10          void main()
  11          {        
  12   1              while (1)
  13   1                      LEDs = SWs;
  14   1      }


MODULE INFORMATION:   STATIC OVERLAYABLE
   CODE SIZE        =      5    ----
   CONSTANT SIZE    =   ----    ----
   XDATA SIZE       =   ----    ----
   PDATA SIZE       =   ----    ----
   DATA SIZE        =   ----    ----
   IDATA SIZE       =   ----    ----
   BIT SIZE         =   ----    ----
END OF MODULE INFORMATION.


C51 COMPILATION COMPLETE.  0 WARNING(S),  0 ERROR(S)
